
> cartel96@0.0.0 build
> tsc -b && vite build

src/App.tsx(1,27): error TS6133: 'useEffect' is declared but its value is never read.
src/App.tsx(36,19): error TS6133: 'setLoading' is declared but its value is never read.
src/App.tsx(37,23): error TS6133: 'setUserProfile' is declared but its value is never read.
src/components/AgendaSkeleton.tsx(1,1): error TS6133: 'React' is declared but its value is never read.
src/components/BookingEditModal.tsx(1,8): error TS6133: 'React' is declared but its value is never read.
src/components/BookingEditModal.tsx(2,10): error TS6133: 'User' is declared but its value is never read.
src/components/ClientDashboardModal.tsx(1,1): error TS6133: 'React' is declared but its value is never read.
src/components/layout/Layout.tsx(5,1): error TS6133: 'motion' is declared but its value is never read.
src/components/layout/Layout.tsx(8,25): error TS6133: 'setSidebarOpen' is declared but its value is never read.
src/components/layout/Layout.tsx(58,27): error TS2304: Cannot find name 'isActive'.
src/components/Sidebar.tsx(72,42): error TS2552: Cannot find name 'motion'. Did you mean 'Option'?
src/components/Sidebar.tsx(77,43): error TS2552: Cannot find name 'motion'. Did you mean 'Option'?
src/components/SkeletonScreen.tsx(1,1): error TS6133: 'motion' is declared but its value is never read.
src/components/Toast.tsx(7,7): error TS6133: 'DING_SOUND' is declared but its value is never read.
src/pages/AdsDashboard.tsx(1,86): error TS6133: 'BarChart' is declared but its value is never read.
src/pages/AdsDashboard.tsx(1,96): error TS6133: 'Bar' is declared but its value is never read.
src/pages/AdsDashboard.tsx(13,7): error TS6133: 'hourlyData' is declared but its value is never read.
src/pages/Dashboard.tsx(1,1): error TS6192: All imports in import declaration are unused.
src/pages/Dashboard.tsx(2,18): error TS6133: 'AnimatePresence' is declared but its value is never read.
src/pages/Dashboard.tsx(80,56): error TS6133: 'entry' is declared but its value is never read.
src/pages/Dashboard.tsx(98,55): error TS6133: 'i' is declared but its value is never read.
src/pages/Dashboard.tsx(142,47): error TS6133: 'color' is declared but its value is never read.
src/pages/Inventory.tsx(3,1): error TS6133: 'cn' is declared but its value is never read.
src/pages/Messages.tsx(2,1): error TS6192: All imports in import declaration are unused.
src/pages/Messages.tsx(3,32): error TS6133: 'Paperclip' is declared but its value is never read.
src/pages/Messages.tsx(3,49): error TS6133: 'Check' is declared but its value is never read.
src/pages/Messages.tsx(3,68): error TS6133: 'Phone' is declared but its value is never read.
src/pages/Messages.tsx(3,75): error TS6133: 'X' is declared but its value is never read.
src/pages/Messages.tsx(3,78): error TS6133: 'Star' is declared but its value is never read.
src/pages/Messages.tsx(3,114): error TS6133: 'User' is declared but its value is never read.
src/pages/Messages.tsx(68,7): error TS6133: 'TEMPLATES' is declared but its value is never read.
src/pages/Settings.tsx(3,16): error TS6133: 'Palette' is declared but its value is never read.
src/pages/Settings.tsx(3,88): error TS6133: 'RefreshCw' is declared but its value is never read.
src/pages/Settings.tsx(184,14): error TS2304: Cannot find name 'AnimatePresence'.
src/pages/Settings.tsx(198,15): error TS2304: Cannot find name 'AnimatePresence'.
